src/controllers/retailersController.ts(29,25): error TS2353: Object literal may only specify known properties, and 'credit' does not exist in type 'RetailerProfileInclude<DefaultArgs>'.
src/controllers/retailersController.ts(40,58): error TS2339: Property 'retailerProfile' does not exist on type '{ id: string; createdAt: Date; updatedAt: Date; retailerId: string; wholesalerId: string; status: string; totalAmount: number; }'.
src/controllers/retailersController.ts(124,17): error TS2353: Object literal may only specify known properties, and 'credit' does not exist in type 'RetailerProfileInclude<DefaultArgs>'.
src/controllers/retailersController.ts(178,31): error TS2353: Object literal may only specify known properties, and 'items' does not exist in type 'OrderCountOutputTypeSelect<DefaultArgs>'.
src/controllers/retailersController.ts(195,30): error TS2339: Property '_count' does not exist on type '{ id: string; createdAt: Date; updatedAt: Date; retailerId: string; wholesalerId: string; status: string; totalAmount: number; }'.
src/controllers/retailersController.ts(269,17): error TS2353: Object literal may only specify known properties, and 'payments' does not exist in type 'SupplierInclude<DefaultArgs>'.
src/controllers/retailersController.ts(314,25): error TS2353: Object literal may only specify known properties, and 'credit' does not exist in type 'RetailerProfileInclude<DefaultArgs>'.
src/controllers/retailersController.ts(325,31): error TS2339: Property 'retailerProfile' does not exist on type '{ id: string; createdAt: Date; updatedAt: Date; retailerId: string; status: string; amount: number; reason: string; reviewedAt: Date; reviewNotes: string; }'.
src/controllers/retailersController.ts(326,31): error TS2339: Property 'retailerProfile' does not exist on type '{ id: string; createdAt: Date; updatedAt: Date; retailerId: string; status: string; amount: number; reason: string; reviewedAt: Date; reviewNotes: string; }'.
src/controllers/retailersController.ts(327,32): error TS2339: Property 'retailerProfile' does not exist on type '{ id: string; createdAt: Date; updatedAt: Date; retailerId: string; status: string; amount: number; reason: string; reviewedAt: Date; reviewNotes: string; }'.
src/controllers/retailersController.ts(328,32): error TS2339: Property 'retailerProfile' does not exist on type '{ id: string; createdAt: Date; updatedAt: Date; retailerId: string; status: string; amount: number; reason: string; reviewedAt: Date; reviewNotes: string; }'.
src/controllers/retailersController.ts(329,30): error TS2339: Property 'retailerProfile' does not exist on type '{ id: string; createdAt: Date; updatedAt: Date; retailerId: string; status: string; amount: number; reason: string; reviewedAt: Date; reviewNotes: string; }'.
src/controllers/retailersController.ts(384,32): error TS2353: Object literal may only specify known properties, and 'credit' does not exist in type 'RetailerProfileInclude<DefaultArgs>'.
src/controllers/retailersController.ts(390,27): error TS2339: Property 'retailerProfile' does not exist on type '{ id: string; createdAt: Date; updatedAt: Date; retailerId: string; status: string; amount: number; reason: string; reviewedAt: Date; reviewNotes: string; }'.
src/controllers/retailersController.ts(392,44): error TS2339: Property 'retailerProfile' does not exist on type '{ id: string; createdAt: Date; updatedAt: Date; retailerId: string; status: string; amount: number; reason: string; reviewedAt: Date; reviewNotes: string; }'.
src/controllers/retailersController.ts(394,48): error TS2339: Property 'retailerProfile' does not exist on type '{ id: string; createdAt: Date; updatedAt: Date; retailerId: string; status: string; amount: number; reason: string; reviewedAt: Date; reviewNotes: string; }'.
src/controllers/retailersController.ts(395,52): error TS2339: Property 'retailerProfile' does not exist on type '{ id: string; createdAt: Date; updatedAt: Date; retailerId: string; status: string; amount: number; reason: string; reviewedAt: Date; reviewNotes: string; }'.
src/controllers/rewardsController.ts(176,17): error TS2353: Object literal may only specify known properties, and 'consumer' does not exist in type 'GasRewardInclude<DefaultArgs>'.
src/controllers/rewardsController.ts(195,34): error TS2551: Property 'consumer' does not exist on type '{ id: string; createdAt: Date; updatedAt: Date; consumerId: string; reference: string; units: number; source: string; }'. Did you mean 'consumerId'?
src/controllers/rewardsController.ts(196,36): error TS2551: Property 'consumer' does not exist on type '{ id: string; createdAt: Date; updatedAt: Date; consumerId: string; reference: string; units: number; source: string; }'. Did you mean 'consumerId'?
src/create_test_order.ts(29,7): error TS2353: Object literal may only specify known properties, and 'items' does not exist in type '(Without<OrderCreateInput, OrderUncheckedCreateInput> & OrderUncheckedCreateInput) | (Without<...> & OrderCreateInput)'.
src/seed-projects.ts(83,7): error TS2322: Type '{ name: string; description: string; status: string; priority: string; progress: number; startDate: Date; endDate: Date; dueDate: Date; client: string; managerId: string; }' is not assignable to type '(Without<ProjectCreateInput, ProjectUncheckedCreateInput> & ProjectUncheckedCreateInput) | (Without<...> & ProjectCreateInput)'.
  Type '{ name: string; description: string; status: string; priority: string; progress: number; startDate: Date; endDate: Date; dueDate: Date; client: string; managerId: string; }' is not assignable to type 'Without<ProjectUncheckedCreateInput, ProjectCreateInput> & ProjectCreateInput'.
    Type '{ name: string; description: string; status: string; priority: string; progress: number; startDate: Date; endDate: Date; dueDate: Date; client: string; managerId: string; }' is not assignable to type 'Without<ProjectUncheckedCreateInput, ProjectCreateInput>'.
      Types of property 'managerId' are incompatible.
        Type 'string' is not assignable to type 'never'.
src/seed-wholesale.ts(617,25): error TS2353: Object literal may only specify known properties, and 'items' does not exist in type '(Without<OrderCreateInput, OrderUncheckedCreateInput> & OrderUncheckedCreateInput) | (Without<...> & OrderCreateInput)'.
